// Jest Snapshot v1, https://goo.gl/fbAQLP

exports[`SearchResult renders correctly 1`] = `null`;
